2026-06-11 23:44:46.361: [INFO][Sync] Reset engine, reason: 8
2026-06-11 23:44:46.361: [INFO][Sync] Stopped: Bookmarks
2026-06-11 23:44:46.361: [INFO][Sync] Stopped: Preferences
2026-06-11 23:44:46.361: [INFO][Sync] Stopped: Passwords
2026-06-11 23:44:46.361: [INFO][Sync] Stopped: Autofill Profiles
2026-06-11 23:44:46.361: [INFO][Sync] Stopped: Autofill
2026-06-11 23:44:46.361: [INFO][Sync] Stopped: Extensions
2026-06-11 23:44:46.361: [INFO][Sync] Stopped: Sessions
2026-06-11 23:44:46.361: [INFO][Sync] Stopped: Extension settings
2026-06-11 23:44:46.361: [INFO][Sync] Stopped: History Delete Directives
2026-06-11 23:44:46.361: [INFO][Sync] Stopped: Device Info
2026-06-11 23:44:46.361: [INFO][Sync] Stopped: User Consents
2026-06-11 23:44:46.361: [INFO][Sync] Stopped: Send Tab To Self
2026-06-11 23:44:46.361: [INFO][Sync] Stopped: Web Apps
2026-06-11 23:44:46.361: [INFO][Sync] Stopped: History
2026-06-11 23:44:46.361: [INFO][Sync] Stopped: Saved Tab Group
2026-06-11 23:44:46.361: [INFO][Sync] Stopped: WebAuthn Credentials
2026-06-11 23:44:46.361: [INFO][Sync] Stopped: Edge E Drop
2026-06-11 23:44:46.361: [INFO][Sync] Stopped: Edge Hub App Usage
2026-06-11 23:44:46.361: [INFO][Sync] Stopped: Edge Wallet
2026-06-11 23:44:46.361: [INFO][Sync] Stopped: Edge Workspace
2026-06-11 23:44:46.361: [INFO][Sync] SyncState after authenticated was: NotSignedIn
2026-06-11 23:44:47.923: [INFO][Sync] Reset engine, reason: 8
2026-06-11 23:44:47.923: [INFO][Sync] Stopped: Bookmarks
2026-06-11 23:44:47.923: [INFO][Sync] Stopped: Preferences
2026-06-11 23:44:47.923: [INFO][Sync] Stopped: Passwords
2026-06-11 23:44:47.923: [INFO][Sync] Stopped: Autofill Profiles
2026-06-11 23:44:47.923: [INFO][Sync] Stopped: Autofill
2026-06-11 23:44:47.923: [INFO][Sync] Stopped: Extensions
2026-06-11 23:44:47.923: [INFO][Sync] Stopped: Sessions
2026-06-11 23:44:47.923: [INFO][Sync] Stopped: Extension settings
2026-06-11 23:44:47.923: [INFO][Sync] Stopped: History Delete Directives
2026-06-11 23:44:47.923: [INFO][Sync] Stopped: Device Info
2026-06-11 23:44:47.923: [INFO][Sync] Stopped: User Consents
2026-06-11 23:44:47.923: [INFO][Sync] Stopped: Send Tab To Self
2026-06-11 23:44:47.923: [INFO][Sync] Stopped: Web Apps
2026-06-11 23:44:47.923: [INFO][Sync] Stopped: History
2026-06-11 23:44:47.923: [INFO][Sync] Stopped: Saved Tab Group
2026-06-11 23:44:47.923: [INFO][Sync] Stopped: WebAuthn Credentials
2026-06-11 23:44:47.923: [INFO][Sync] Stopped: Edge E Drop
2026-06-11 23:44:47.923: [INFO][Sync] Stopped: Edge Hub App Usage
2026-06-11 23:44:47.923: [INFO][Sync] Stopped: Edge Wallet
2026-06-11 23:44:47.923: [INFO][Sync] Stopped: Edge Workspace
2026-06-11 23:45:29.188: [INFO][Sync] Reset engine, reason: 0
2026-06-12 02:13:35.989: [INFO][Sync] Reset engine, reason: 8
2026-06-12 02:13:35.989: [INFO][Sync] Stopped: Bookmarks
2026-06-12 02:13:35.989: [INFO][Sync] Stopped: Preferences
2026-06-12 02:13:35.989: [INFO][Sync] Stopped: Passwords
2026-06-12 02:13:35.989: [INFO][Sync] Stopped: Autofill Profiles
2026-06-12 02:13:35.989: [INFO][Sync] Stopped: Autofill
2026-06-12 02:13:35.989: [INFO][Sync] Stopped: Extensions
2026-06-12 02:13:35.989: [INFO][Sync] Stopped: Sessions
2026-06-12 02:13:35.989: [INFO][Sync] Stopped: Extension settings
2026-06-12 02:13:35.989: [INFO][Sync] Stopped: History Delete Directives
2026-06-12 02:13:35.989: [INFO][Sync] Stopped: Device Info
2026-06-12 02:13:35.989: [INFO][Sync] Stopped: User Consents
2026-06-12 02:13:35.989: [INFO][Sync] Stopped: Send Tab To Self
2026-06-12 02:13:35.989: [INFO][Sync] Stopped: Web Apps
2026-06-12 02:13:35.989: [INFO][Sync] Stopped: History
2026-06-12 02:13:35.989: [INFO][Sync] Stopped: Saved Tab Group
2026-06-12 02:13:35.989: [INFO][Sync] Stopped: WebAuthn Credentials
2026-06-12 02:13:35.989: [INFO][Sync] Stopped: Edge E Drop
2026-06-12 02:13:35.989: [INFO][Sync] Stopped: Edge Hub App Usage
2026-06-12 02:13:35.989: [INFO][Sync] Stopped: Edge Wallet
2026-06-12 02:13:35.989: [INFO][Sync] Stopped: Edge Workspace
2026-06-12 02:13:35.989: [INFO][Sync] SyncState after authenticated was: NotSignedIn
2026-06-12 02:13:36.445: [INFO][Sync] Reset engine, reason: 8
2026-06-12 02:15:09.779: [INFO][Sync] Reset engine, reason: 8
2026-06-12 02:15:09.779: [INFO][Sync] Stopped: Bookmarks
2026-06-12 02:15:09.779: [INFO][Sync] Stopped: Preferences
2026-06-12 02:15:09.779: [INFO][Sync] Stopped: Passwords
2026-06-12 02:15:09.779: [INFO][Sync] Stopped: Autofill Profiles
2026-06-12 02:15:09.779: [INFO][Sync] Stopped: Autofill
2026-06-12 02:15:09.779: [INFO][Sync] Stopped: Extensions
2026-06-12 02:15:09.779: [INFO][Sync] Stopped: Sessions
2026-06-12 02:15:09.779: [INFO][Sync] Stopped: Extension settings
2026-06-12 02:15:09.779: [INFO][Sync] Stopped: History Delete Directives
2026-06-12 02:15:09.779: [INFO][Sync] Stopped: Device Info
2026-06-12 02:15:09.779: [INFO][Sync] Stopped: User Consents
2026-06-12 02:15:09.779: [INFO][Sync] Stopped: Send Tab To Self
2026-06-12 02:15:09.779: [INFO][Sync] Stopped: Web Apps
2026-06-12 02:15:09.779: [INFO][Sync] Stopped: History
2026-06-12 02:15:09.779: [INFO][Sync] Stopped: Saved Tab Group
2026-06-12 02:15:09.779: [INFO][Sync] Stopped: WebAuthn Credentials
2026-06-12 02:15:09.779: [INFO][Sync] Stopped: Edge E Drop
2026-06-12 02:15:09.779: [INFO][Sync] Stopped: Edge Hub App Usage
2026-06-12 02:15:09.779: [INFO][Sync] Stopped: Edge Wallet
2026-06-12 02:15:09.779: [INFO][Sync] Stopped: Edge Workspace
2026-06-12 02:15:09.779: [INFO][Sync] SyncState after authenticated was: NotSignedIn
2026-06-12 02:15:10.194: [INFO][Sync] Reset engine, reason: 8
2026-06-12 02:15:10.194: [INFO][Sync] Stopped: Bookmarks
2026-06-12 02:15:10.194: [INFO][Sync] Stopped: Preferences
2026-06-12 02:15:10.194: [INFO][Sync] Stopped: Passwords
2026-06-12 02:15:10.194: [INFO][Sync] Stopped: Autofill Profiles
2026-06-12 02:15:10.194: [INFO][Sync] Stopped: Autofill
2026-06-12 02:15:10.194: [INFO][Sync] Stopped: Extensions
2026-06-12 02:15:10.194: [INFO][Sync] Stopped: Sessions
2026-06-12 02:15:10.194: [INFO][Sync] Stopped: Extension settings
2026-06-12 02:15:10.194: [INFO][Sync] Stopped: History Delete Directives
2026-06-12 02:15:10.194: [INFO][Sync] Stopped: Device Info
2026-06-12 02:15:10.194: [INFO][Sync] Stopped: User Consents
2026-06-12 02:15:10.194: [INFO][Sync] Stopped: Send Tab To Self
2026-06-12 02:15:10.194: [INFO][Sync] Stopped: Web Apps
2026-06-12 02:15:10.194: [INFO][Sync] Stopped: History
2026-06-12 02:15:10.194: [INFO][Sync] Stopped: Saved Tab Group
2026-06-12 02:15:10.194: [INFO][Sync] Stopped: WebAuthn Credentials
2026-06-12 02:15:10.194: [INFO][Sync] Stopped: Edge E Drop
2026-06-12 02:15:10.194: [INFO][Sync] Stopped: Edge Hub App Usage
2026-06-12 02:15:10.194: [INFO][Sync] Stopped: Edge Wallet
2026-06-12 02:15:10.194: [INFO][Sync] Stopped: Edge Workspace
2026-06-12 02:15:41.564: [INFO][Sync] Reset engine, reason: 0
2026-06-12 02:17:21.157: [INFO][Sync] Reset engine, reason: 8
2026-06-12 02:17:21.157: [INFO][Sync] Stopped: Bookmarks
2026-06-12 02:17:21.157: [INFO][Sync] Stopped: Preferences
2026-06-12 02:17:21.157: [INFO][Sync] Stopped: Passwords
2026-06-12 02:17:21.157: [INFO][Sync] Stopped: Autofill Profiles
2026-06-12 02:17:21.157: [INFO][Sync] Stopped: Autofill
2026-06-12 02:17:21.157: [INFO][Sync] Stopped: Extensions
2026-06-12 02:17:21.157: [INFO][Sync] Stopped: Sessions
2026-06-12 02:17:21.157: [INFO][Sync] Stopped: Extension settings
2026-06-12 02:17:21.157: [INFO][Sync] Stopped: History Delete Directives
2026-06-12 02:17:21.157: [INFO][Sync] Stopped: Device Info
2026-06-12 02:17:21.157: [INFO][Sync] Stopped: User Consents
2026-06-12 02:17:21.157: [INFO][Sync] Stopped: Send Tab To Self
2026-06-12 02:17:21.157: [INFO][Sync] Stopped: Web Apps
2026-06-12 02:17:21.157: [INFO][Sync] Stopped: History
2026-06-12 02:17:21.157: [INFO][Sync] Stopped: Saved Tab Group
2026-06-12 02:17:21.157: [INFO][Sync] Stopped: WebAuthn Credentials
2026-06-12 02:17:21.157: [INFO][Sync] Stopped: Edge E Drop
2026-06-12 02:17:21.157: [INFO][Sync] Stopped: Edge Hub App Usage
2026-06-12 02:17:21.157: [INFO][Sync] Stopped: Edge Wallet
2026-06-12 02:17:21.157: [INFO][Sync] Stopped: Edge Workspace
2026-06-12 02:17:21.157: [INFO][Sync] SyncState after authenticated was: NotSignedIn
2026-06-12 02:17:21.495: [INFO][Sync] Reset engine, reason: 8
2026-06-12 02:17:21.495: [INFO][Sync] Stopped: Bookmarks
2026-06-12 02:17:21.495: [INFO][Sync] Stopped: Preferences
2026-06-12 02:17:21.495: [INFO][Sync] Stopped: Passwords
2026-06-12 02:17:21.495: [INFO][Sync] Stopped: Autofill Profiles
2026-06-12 02:17:21.495: [INFO][Sync] Stopped: Autofill
2026-06-12 02:17:21.495: [INFO][Sync] Stopped: Extensions
2026-06-12 02:17:21.495: [INFO][Sync] Stopped: Sessions
2026-06-12 02:17:21.495: [INFO][Sync] Stopped: Extension settings
2026-06-12 02:17:21.495: [INFO][Sync] Stopped: History Delete Directives
2026-06-12 02:17:21.495: [INFO][Sync] Stopped: Device Info
2026-06-12 02:17:21.495: [INFO][Sync] Stopped: User Consents
2026-06-12 02:17:21.495: [INFO][Sync] Stopped: Send Tab To Self
2026-06-12 02:17:21.495: [INFO][Sync] Stopped: Web Apps
2026-06-12 02:17:21.495: [INFO][Sync] Stopped: History
2026-06-12 02:17:21.495: [INFO][Sync] Stopped: Saved Tab Group
2026-06-12 02:17:21.495: [INFO][Sync] Stopped: WebAuthn Credentials
2026-06-12 02:17:21.495: [INFO][Sync] Stopped: Edge E Drop
2026-06-12 02:17:21.495: [INFO][Sync] Stopped: Edge Hub App Usage
2026-06-12 02:17:21.495: [INFO][Sync] Stopped: Edge Wallet
2026-06-12 02:17:21.495: [INFO][Sync] Stopped: Edge Workspace
2026-06-12 02:18:09.284: [INFO][Sync] Reset engine, reason: 0
2026-06-12 04:27:06.613: [INFO][Sync] Reset engine, reason: 8
2026-06-12 04:27:06.613: [INFO][Sync] Stopped: Bookmarks
2026-06-12 04:27:06.613: [INFO][Sync] Stopped: Preferences
2026-06-12 04:27:06.613: [INFO][Sync] Stopped: Passwords
2026-06-12 04:27:06.613: [INFO][Sync] Stopped: Autofill Profiles
2026-06-12 04:27:06.613: [INFO][Sync] Stopped: Autofill
2026-06-12 04:27:06.613: [INFO][Sync] Stopped: Extensions
2026-06-12 04:27:06.613: [INFO][Sync] Stopped: Sessions
2026-06-12 04:27:06.613: [INFO][Sync] Stopped: Extension settings
2026-06-12 04:27:06.613: [INFO][Sync] Stopped: History Delete Directives
2026-06-12 04:27:06.613: [INFO][Sync] Stopped: Device Info
2026-06-12 04:27:06.613: [INFO][Sync] Stopped: User Consents
2026-06-12 04:27:06.613: [INFO][Sync] Stopped: Send Tab To Self
2026-06-12 04:27:06.613: [INFO][Sync] Stopped: Web Apps
2026-06-12 04:27:06.613: [INFO][Sync] Stopped: History
2026-06-12 04:27:06.613: [INFO][Sync] Stopped: Saved Tab Group
2026-06-12 04:27:06.613: [INFO][Sync] Stopped: WebAuthn Credentials
2026-06-12 04:27:06.613: [INFO][Sync] Stopped: Edge E Drop
2026-06-12 04:27:06.613: [INFO][Sync] Stopped: Edge Hub App Usage
2026-06-12 04:27:06.613: [INFO][Sync] Stopped: Edge Wallet
2026-06-12 04:27:06.614: [INFO][Sync] Stopped: Edge Workspace
2026-06-12 04:27:06.614: [INFO][Sync] SyncState after authenticated was: NotSignedIn
2026-06-12 04:27:06.993: [INFO][Sync] Reset engine, reason: 8
2026-06-12 04:27:06.993: [INFO][Sync] Stopped: Bookmarks
2026-06-12 04:27:06.993: [INFO][Sync] Stopped: Preferences
2026-06-12 04:27:06.993: [INFO][Sync] Stopped: Passwords
2026-06-12 04:27:06.993: [INFO][Sync] Stopped: Autofill Profiles
2026-06-12 04:27:06.993: [INFO][Sync] Stopped: Autofill
2026-06-12 04:27:06.993: [INFO][Sync] Stopped: Extensions
2026-06-12 04:27:06.993: [INFO][Sync] Stopped: Sessions
2026-06-12 04:27:06.993: [INFO][Sync] Stopped: Extension settings
2026-06-12 04:27:06.993: [INFO][Sync] Stopped: History Delete Directives
2026-06-12 04:27:06.993: [INFO][Sync] Stopped: Device Info
2026-06-12 04:27:06.993: [INFO][Sync] Stopped: User Consents
2026-06-12 04:27:06.993: [INFO][Sync] Stopped: Send Tab To Self
2026-06-12 04:27:06.993: [INFO][Sync] Stopped: Web Apps
2026-06-12 04:27:06.993: [INFO][Sync] Stopped: History
2026-06-12 04:27:06.993: [INFO][Sync] Stopped: Saved Tab Group
2026-06-12 04:27:06.993: [INFO][Sync] Stopped: WebAuthn Credentials
2026-06-12 04:27:06.993: [INFO][Sync] Stopped: Edge E Drop
2026-06-12 04:27:06.993: [INFO][Sync] Stopped: Edge Hub App Usage
2026-06-12 04:27:06.993: [INFO][Sync] Stopped: Edge Wallet
2026-06-12 04:27:06.993: [INFO][Sync] Stopped: Edge Workspace
2026-06-12 04:27:43.552: [INFO][Sync] Reset engine, reason: 0
